Printing Roundtrip
We only pretty print expressions right now

