Printing Roundtrip
-1;
!true;
!false;
hd[1, 2, 3];
tl[2, 3, 4];
