Printing Roundtrip
pretty printer not implemented for this AST node
;
pretty printer not implemented for this AST node
;
